// Jest Snapshot v1, https://goo.gl/fbAQLP

exports[`MyContractsTable test renders the contracts table with data 1`] = `
<table
  class="MuiTable-root css-1ekzhym-MuiTable-root"
>
  <thead
    class="MuiTableHead-root css-r600lz-MuiTableHead-root"
  >
    <tr
      class="MuiTableRow-root MuiTableRow-head css-1q1u3t4-MuiTableRow-root"
    >
      <th
        class="MuiTableCell-root MuiTableCell-head MuiTableCell-alignLeft MuiTableCell-sizeMedium css-4d0fmp-MuiTableCell-root"
        scope="col"
        width="20%"
      >
        <p
          class="MuiTypography-root MuiTypography-body2 css-ywzhw-MuiTypography-root"
        >
          Name
        </p>
      </th>
      <th
        class="MuiTableCell-root MuiTableCell-head MuiTableCell-alignLeft MuiTableCell-sizeMedium css-4d0fmp-MuiTableCell-root"
        scope="col"
        width="20%"
      >
        <p
          class="MuiTypography-root MuiTypography-body2 css-ywzhw-MuiTypography-root"
        >
          Type
        </p>
      </th>
      <th
        class="MuiTableCell-root MuiTableCell-head MuiTableCell-alignLeft MuiTableCell-sizeMedium css-4d0fmp-MuiTableCell-root"
        scope="col"
        width="20%"
      >
        <p
          class="MuiTypography-root MuiTypography-body2 css-ywzhw-MuiTypography-root"
        >
          Per payment
        </p>
      </th>
      <th
        class="MuiTableCell-root MuiTableCell-head MuiTableCell-alignLeft MuiTableCell-sizeMedium css-4d0fmp-MuiTableCell-root"
        scope="col"
        width="20%"
      >
        <p
          class="MuiTypography-root MuiTypography-body2 css-ywzhw-MuiTypography-root"
        >
          Term length
        </p>
      </th>
      <th
        class="MuiTableCell-root MuiTableCell-head MuiTableCell-alignLeft MuiTableCell-sizeMedium css-4d0fmp-MuiTableCell-root"
        scope="col"
        width="20%"
      >
        <p
          class="MuiTypography-root MuiTypography-body2 css-ywzhw-MuiTypography-root"
        >
          Payment amount
        </p>
      </th>
    </tr>
  </thead>
  <tbody
    class="MuiTableBody-root css-apqrd9-MuiTableBody-root"
  >
    <tr
      class="MuiTableRow-root css-1xe9h37-MuiTableRow-root"
    >
      <td
        class="MuiTableCell-root MuiTableCell-body MuiTableCell-alignLeft MuiTableCell-sizeMedium css-1kwzrlz-MuiTableCell-root"
      >
        <div
          class="MuiGrid-root MuiGrid-container css-11lq3yg-MuiGrid-root"
        >
          <div
            class="MuiGrid-root MuiGrid-item css-13i4rnv-MuiGrid-root"
          >
            <p
              class="MuiTypography-root MuiTypography-body2 css-qfugio-MuiTypography-root"
            >
              Contracts1
            </p>
          </div>
        </div>
      </td>
      <td
        class="MuiTableCell-root MuiTableCell-body MuiTableCell-alignLeft MuiTableCell-sizeMedium css-1kwzrlz-MuiTableCell-root"
      >
        <div
          class="MuiGrid-root MuiGrid-container css-11lq3yg-MuiGrid-root"
        >
          <div
            class="MuiGrid-root MuiGrid-item css-13i4rnv-MuiGrid-root"
          >
            <p
              class="MuiTypography-root MuiTypography-body2 css-ywzhw-MuiTypography-root"
            >
              Monthly
            </p>
          </div>
        </div>
      </td>
      <td
        class="MuiTableCell-root MuiTableCell-body MuiTableCell-alignLeft MuiTableCell-sizeMedium css-1kwzrlz-MuiTableCell-root"
      >
        <div
          class="MuiGrid-root MuiGrid-container css-11lq3yg-MuiGrid-root"
        >
          <div
            class="MuiGrid-root MuiGrid-item css-13i4rnv-MuiGrid-root"
          >
            <p
              class="MuiTypography-root MuiTypography-body2 css-ywzhw-MuiTypography-root"
            >
              $12,000.25
            </p>
          </div>
        </div>
      </td>
      <td
        class="MuiTableCell-root MuiTableCell-body MuiTableCell-alignLeft MuiTableCell-sizeMedium css-1kwzrlz-MuiTableCell-root"
      >
        <div
          class="MuiGrid-root MuiGrid-container css-bptfh-MuiGrid-root"
        >
          <div
            class="MuiGrid-root MuiGrid-item css-13i4rnv-MuiGrid-root"
          >
            <p
              class="MuiTypography-root MuiTypography-body2 css-ywzhw-MuiTypography-root"
            >
              12 months
            </p>
          </div>
          <div
            class="MuiGrid-root MuiGrid-item css-13i4rnv-MuiGrid-root"
          >
            <span
              class="MuiTypography-root MuiTypography-caption css-192l7z3-MuiTypography-root"
            >
              12.0% fee
            </span>
          </div>
        </div>
      </td>
      <td
        class="MuiTableCell-root MuiTableCell-body MuiTableCell-alignLeft MuiTableCell-sizeMedium css-1kwzrlz-MuiTableCell-root"
      >
        <div
          class="MuiGrid-root MuiGrid-container css-bptfh-MuiGrid-root"
        >
          <div
            class="MuiGrid-root MuiGrid-item css-13i4rnv-MuiGrid-root"
          >
            <p
              class="MuiTypography-root MuiTypography-body2 css-ywzhw-MuiTypography-root"
            >
              $126,722.64
            </p>
          </div>
        </div>
      </td>
    </tr>
    <tr
      class="MuiTableRow-root css-1xe9h37-MuiTableRow-root"
    >
      <td
        class="MuiTableCell-root MuiTableCell-body MuiTableCell-alignLeft MuiTableCell-sizeMedium css-1kwzrlz-MuiTableCell-root"
      >
        <div
          class="MuiGrid-root MuiGrid-container css-11lq3yg-MuiGrid-root"
        >
          <div
            class="MuiGrid-root MuiGrid-item css-13i4rnv-MuiGrid-root"
          >
            <p
              class="MuiTypography-root MuiTypography-body2 css-qfugio-MuiTypography-root"
            >
              Contracts2
            </p>
          </div>
        </div>
      </td>
      <td
        class="MuiTableCell-root MuiTableCell-body MuiTableCell-alignLeft MuiTableCell-sizeMedium css-1kwzrlz-MuiTableCell-root"
      >
        <div
          class="MuiGrid-root MuiGrid-container css-11lq3yg-MuiGrid-root"
        >
          <div
            class="MuiGrid-root MuiGrid-item css-13i4rnv-MuiGrid-root"
          >
            <p
              class="MuiTypography-root MuiTypography-body2 css-ywzhw-MuiTypography-root"
            >
              Monthly
            </p>
          </div>
        </div>
      </td>
      <td
        class="MuiTableCell-root MuiTableCell-body MuiTableCell-alignLeft MuiTableCell-sizeMedium css-1kwzrlz-MuiTableCell-root"
      >
        <div
          class="MuiGrid-root MuiGrid-container css-11lq3yg-MuiGrid-root"
        >
          <div
            class="MuiGrid-root MuiGrid-item css-13i4rnv-MuiGrid-root"
          >
            <p
              class="MuiTypography-root MuiTypography-body2 css-ywzhw-MuiTypography-root"
            >
              $6,000.00
            </p>
          </div>
        </div>
      </td>
      <td
        class="MuiTableCell-root MuiTableCell-body MuiTableCell-alignLeft MuiTableCell-sizeMedium css-1kwzrlz-MuiTableCell-root"
      >
        <div
          class="MuiGrid-root MuiGrid-container css-bptfh-MuiGrid-root"
        >
          <div
            class="MuiGrid-root MuiGrid-item css-13i4rnv-MuiGrid-root"
          >
            <p
              class="MuiTypography-root MuiTypography-body2 css-ywzhw-MuiTypography-root"
            >
              12 months
            </p>
          </div>
          <div
            class="MuiGrid-root MuiGrid-item css-13i4rnv-MuiGrid-root"
          >
            <span
              class="MuiTypography-root MuiTypography-caption css-192l7z3-MuiTypography-root"
            >
              12.0% fee
            </span>
          </div>
        </div>
      </td>
      <td
        class="MuiTableCell-root MuiTableCell-body MuiTableCell-alignLeft MuiTableCell-sizeMedium css-1kwzrlz-MuiTableCell-root"
      >
        <div
          class="MuiGrid-root MuiGrid-container css-bptfh-MuiGrid-root"
        >
          <div
            class="MuiGrid-root MuiGrid-item css-13i4rnv-MuiGrid-root"
          >
            <p
              class="MuiTypography-root MuiTypography-body2 css-ywzhw-MuiTypography-root"
            >
              $23,277.36
            </p>
          </div>
          <div
            class="MuiGrid-root MuiGrid-item css-13i4rnv-MuiGrid-root"
          >
            <span
              class="MuiTypography-root MuiTypography-caption css-vhzd1m-MuiTypography-root"
            >
              $63,380.00
            </span>
          </div>
        </div>
      </td>
    </tr>
  </tbody>
</table>
`;
